// Jest Snapshot v1, https://goo.gl/fbAQLP

exports[`Message component should match snapshot 1`] = `
<div
  className="message"
  data-testid="message"
>
  <p>
    some example message
  </p>
</div>
`;
