// Jest Snapshot v1, https://goo.gl/fbAQLP

exports[`Message component should match snapshot 1`] = `
<div
  className="modal"
  id="myModal"
>
  <div
    className="modal-content"
  >
    <div
      className="modal-header"
      data-testid="modal-header"
    >
      <span
        className="close"
      >
        Ã—
      </span>
      <h2>
        Success
      </h2>
    </div>
    <div
      className="modal-body"
      data-testid="message"
    >
      <p>
        some example message
      </p>
      
    </div>
    <div
      className="modal-footer"
      data-testid="modal-footer"
    >
      <h3>
        Everything went smoothly!
      </h3>
    </div>
  </div>
</div>
`;
